<!doctype html public "-//w3c//dtd html 4.0 transitional//en">
<html><head>
<title>Static Call Graph - [.\Objects\PROJET EVALBOT.axf]</title></head>
<body><HR>
<H1>Static Call Graph for image .\Objects\PROJET EVALBOT.axf</H1><HR>
<BR><P>#&#060CALLGRAPH&#062# ARM Linker, 6240002: Last Updated: Fri Dec 19 10:45:03 2025
<BR><P>
<H3>Maximum Stack Usage =          0 bytes + Unknown(Functions without stacksize, Cycles, Untraceable Function Pointers)</H3><H3>
Call chain for Maximum Stack Depth:</H3>

<P>
<H3>
Functions with no stack information
</H3><UL>
 <LI><a href="#[0]">Reset_Handler</a>
 <LI><a href="#[4]">__main</a>
 <LI><a href="#[12]">LedsInit</a>
 <LI><a href="#[19]">LedOn1</a>
 <LI><a href="#[1a]">ToggleLed1</a>
 <LI><a href="#[1b]">LedOn2</a>
 <LI><a href="#[1c]">ToggleLed2</a>
 <LI><a href="#[1d]">LedsOn</a>
 <LI><a href="#[16]">ToggleLeds</a>
 <LI><a href="#[18]">LedsOff</a>
 <LI><a href="#[13]">SwitchersInit</a>
 <LI><a href="#[15]">ReadSwitch1</a>
 <LI><a href="#[17]">ReadSwitch2</a>
 <LI><a href="#[14]">bumpersInit</a>
 <LI><a href="#[1e]">readBumper0</a>
 <LI><a href="#[1f]">readBumper1</a>
 <LI><a href="#[20]">readBumpers0_1</a>
 <LI><a href="#[5]">MOTEUR_INIT</a>
 <LI><a href="#[6]">MOTEUR_DROIT_ON</a>
 <LI><a href="#[7]">MOTEUR_DROIT_OFF</a>
 <LI><a href="#[8]">MOTEUR_GAUCHE_ON</a>
 <LI><a href="#[9]">MOTEUR_GAUCHE_OFF</a>
 <LI><a href="#[a]">MOTEUR_DROIT_ARRIERE</a>
 <LI><a href="#[b]">MOTEUR_DROIT_AVANT</a>
 <LI><a href="#[c]">MOTEUR_GAUCHE_ARRIERE</a>
 <LI><a href="#[d]">MOTEUR_GAUCHE_AVANT</a>
 <LI><a href="#[e]">MOTEUR_DROIT_INVERSE</a>
 <LI><a href="#[f]">MOTEUR_GAUCHE_INVERSE</a>
 <LI><a href="#[10]">SetRapidMode</a>
 <LI><a href="#[11]">SetNormalMode</a>
 <LI><a href="#[1]">NmiSR</a>
 <LI><a href="#[2]">FaultISR</a>
 <LI><a href="#[3]">IntDefaultHandler</a>
</UL>
</UL>
<P>
<H3>
Mutually Recursive functions
</H3> <LI><a href="#[1]">NmiSR</a>&nbsp;&nbsp;&nbsp;&rArr;&nbsp;&nbsp;&nbsp;<a href="#[1]">NmiSR</a><BR>
 <LI><a href="#[2]">FaultISR</a>&nbsp;&nbsp;&nbsp;&rArr;&nbsp;&nbsp;&nbsp;<a href="#[2]">FaultISR</a><BR>
 <LI><a href="#[3]">IntDefaultHandler</a>&nbsp;&nbsp;&nbsp;&rArr;&nbsp;&nbsp;&nbsp;<a href="#[3]">IntDefaultHandler</a><BR>
</UL>
<P>
<H3>
Function Pointers
</H3><UL>
 <LI><a href="#[2]">FaultISR</a> from startup.o(RESET) referenced from startup.o(RESET)
 <LI><a href="#[3]">IntDefaultHandler</a> from startup.o(RESET) referenced 121 times from startup.o(RESET)
 <LI><a href="#[1]">NmiSR</a> from startup.o(RESET) referenced from startup.o(RESET)
 <LI><a href="#[0]">Reset_Handler</a> from startup.o(RESET) referenced from startup.o(RESET)
</UL>
<P>
<H3>
Global Symbols
</H3>
<P><STRONG><a name="[0]"></a>Reset_Handler</STRONG> (Thumb, 0 bytes, Stack size unknown bytes, startup.o(RESET))
<BR><BR>[Calls]<UL><LI><a href="#[4]">&gt;&gt;</a>&nbsp;&nbsp;&nbsp;__main
</UL>
<BR>[Address Reference Count : 1]<UL><LI> startup.o(RESET)
</UL>
<P><STRONG><a name="[4]"></a>__main</STRONG> (Thumb, 0 bytes, Stack size unknown bytes, main.o(.text))
<BR><BR>[Calls]<UL><LI><a href="#[14]">&gt;&gt;</a>&nbsp;&nbsp;&nbsp;bumpersInit
<LI><a href="#[16]">&gt;&gt;</a>&nbsp;&nbsp;&nbsp;ToggleLeds
<LI><a href="#[13]">&gt;&gt;</a>&nbsp;&nbsp;&nbsp;SwitchersInit
<LI><a href="#[10]">&gt;&gt;</a>&nbsp;&nbsp;&nbsp;SetRapidMode
<LI><a href="#[11]">&gt;&gt;</a>&nbsp;&nbsp;&nbsp;SetNormalMode
<LI><a href="#[17]">&gt;&gt;</a>&nbsp;&nbsp;&nbsp;ReadSwitch2
<LI><a href="#[15]">&gt;&gt;</a>&nbsp;&nbsp;&nbsp;ReadSwitch1
<LI><a href="#[5]">&gt;&gt;</a>&nbsp;&nbsp;&nbsp;MOTEUR_INIT
<LI><a href="#[8]">&gt;&gt;</a>&nbsp;&nbsp;&nbsp;MOTEUR_GAUCHE_ON
<LI><a href="#[9]">&gt;&gt;</a>&nbsp;&nbsp;&nbsp;MOTEUR_GAUCHE_OFF
<LI><a href="#[d]">&gt;&gt;</a>&nbsp;&nbsp;&nbsp;MOTEUR_GAUCHE_AVANT
<LI><a href="#[6]">&gt;&gt;</a>&nbsp;&nbsp;&nbsp;MOTEUR_DROIT_ON
<LI><a href="#[7]">&gt;&gt;</a>&nbsp;&nbsp;&nbsp;MOTEUR_DROIT_OFF
<LI><a href="#[b]">&gt;&gt;</a>&nbsp;&nbsp;&nbsp;MOTEUR_DROIT_AVANT
<LI><a href="#[18]">&gt;&gt;</a>&nbsp;&nbsp;&nbsp;LedsOff
<LI><a href="#[12]">&gt;&gt;</a>&nbsp;&nbsp;&nbsp;LedsInit
</UL>
<BR>[Called By]<UL><LI><a href="#[0]">&gt;&gt;</a>&nbsp;&nbsp;&nbsp;Reset_Handler
</UL>

<P><STRONG><a name="[12]"></a>LedsInit</STRONG> (Thumb, 0 bytes, Stack size unknown bytes, leds.o(.text))
<BR><BR>[Called By]<UL><LI><a href="#[4]">&gt;&gt;</a>&nbsp;&nbsp;&nbsp;__main
</UL>

<P><STRONG><a name="[19]"></a>LedOn1</STRONG> (Thumb, 0 bytes, Stack size unknown bytes, leds.o(.text), UNUSED)

<P><STRONG><a name="[1a]"></a>ToggleLed1</STRONG> (Thumb, 0 bytes, Stack size unknown bytes, leds.o(.text), UNUSED)

<P><STRONG><a name="[1b]"></a>LedOn2</STRONG> (Thumb, 0 bytes, Stack size unknown bytes, leds.o(.text), UNUSED)

<P><STRONG><a name="[1c]"></a>ToggleLed2</STRONG> (Thumb, 0 bytes, Stack size unknown bytes, leds.o(.text), UNUSED)

<P><STRONG><a name="[1d]"></a>LedsOn</STRONG> (Thumb, 0 bytes, Stack size unknown bytes, leds.o(.text), UNUSED)

<P><STRONG><a name="[16]"></a>ToggleLeds</STRONG> (Thumb, 0 bytes, Stack size unknown bytes, leds.o(.text))
<BR><BR>[Called By]<UL><LI><a href="#[4]">&gt;&gt;</a>&nbsp;&nbsp;&nbsp;__main
</UL>

<P><STRONG><a name="[18]"></a>LedsOff</STRONG> (Thumb, 0 bytes, Stack size unknown bytes, leds.o(.text))
<BR><BR>[Called By]<UL><LI><a href="#[4]">&gt;&gt;</a>&nbsp;&nbsp;&nbsp;__main
</UL>

<P><STRONG><a name="[13]"></a>SwitchersInit</STRONG> (Thumb, 0 bytes, Stack size unknown bytes, switchs.o(.text))
<BR><BR>[Called By]<UL><LI><a href="#[4]">&gt;&gt;</a>&nbsp;&nbsp;&nbsp;__main
</UL>

<P><STRONG><a name="[15]"></a>ReadSwitch1</STRONG> (Thumb, 0 bytes, Stack size unknown bytes, switchs.o(.text))
<BR><BR>[Called By]<UL><LI><a href="#[4]">&gt;&gt;</a>&nbsp;&nbsp;&nbsp;__main
</UL>

<P><STRONG><a name="[17]"></a>ReadSwitch2</STRONG> (Thumb, 0 bytes, Stack size unknown bytes, switchs.o(.text))
<BR><BR>[Called By]<UL><LI><a href="#[4]">&gt;&gt;</a>&nbsp;&nbsp;&nbsp;__main
</UL>

<P><STRONG><a name="[14]"></a>bumpersInit</STRONG> (Thumb, 0 bytes, Stack size unknown bytes, bumpers.o(.text))
<BR><BR>[Called By]<UL><LI><a href="#[4]">&gt;&gt;</a>&nbsp;&nbsp;&nbsp;__main
</UL>

<P><STRONG><a name="[1e]"></a>readBumper0</STRONG> (Thumb, 0 bytes, Stack size unknown bytes, bumpers.o(.text), UNUSED)

<P><STRONG><a name="[1f]"></a>readBumper1</STRONG> (Thumb, 0 bytes, Stack size unknown bytes, bumpers.o(.text), UNUSED)

<P><STRONG><a name="[20]"></a>readBumpers0_1</STRONG> (Thumb, 0 bytes, Stack size unknown bytes, bumpers.o(.text), UNUSED)

<P><STRONG><a name="[5]"></a>MOTEUR_INIT</STRONG> (Thumb, 0 bytes, Stack size unknown bytes, rk_config_moteur.o(.text))
<BR><BR>[Called By]<UL><LI><a href="#[4]">&gt;&gt;</a>&nbsp;&nbsp;&nbsp;__main
</UL>

<P><STRONG><a name="[6]"></a>MOTEUR_DROIT_ON</STRONG> (Thumb, 0 bytes, Stack size unknown bytes, rk_config_moteur.o(.text))
<BR><BR>[Called By]<UL><LI><a href="#[4]">&gt;&gt;</a>&nbsp;&nbsp;&nbsp;__main
</UL>

<P><STRONG><a name="[7]"></a>MOTEUR_DROIT_OFF</STRONG> (Thumb, 0 bytes, Stack size unknown bytes, rk_config_moteur.o(.text))
<BR><BR>[Called By]<UL><LI><a href="#[4]">&gt;&gt;</a>&nbsp;&nbsp;&nbsp;__main
</UL>

<P><STRONG><a name="[8]"></a>MOTEUR_GAUCHE_ON</STRONG> (Thumb, 0 bytes, Stack size unknown bytes, rk_config_moteur.o(.text))
<BR><BR>[Called By]<UL><LI><a href="#[4]">&gt;&gt;</a>&nbsp;&nbsp;&nbsp;__main
</UL>

<P><STRONG><a name="[9]"></a>MOTEUR_GAUCHE_OFF</STRONG> (Thumb, 0 bytes, Stack size unknown bytes, rk_config_moteur.o(.text))
<BR><BR>[Called By]<UL><LI><a href="#[4]">&gt;&gt;</a>&nbsp;&nbsp;&nbsp;__main
</UL>

<P><STRONG><a name="[a]"></a>MOTEUR_DROIT_ARRIERE</STRONG> (Thumb, 0 bytes, Stack size unknown bytes, rk_config_moteur.o(.text), UNUSED, KEPT)

<P><STRONG><a name="[b]"></a>MOTEUR_DROIT_AVANT</STRONG> (Thumb, 0 bytes, Stack size unknown bytes, rk_config_moteur.o(.text))
<BR><BR>[Called By]<UL><LI><a href="#[4]">&gt;&gt;</a>&nbsp;&nbsp;&nbsp;__main
</UL>

<P><STRONG><a name="[c]"></a>MOTEUR_GAUCHE_ARRIERE</STRONG> (Thumb, 0 bytes, Stack size unknown bytes, rk_config_moteur.o(.text), UNUSED, KEPT)

<P><STRONG><a name="[d]"></a>MOTEUR_GAUCHE_AVANT</STRONG> (Thumb, 0 bytes, Stack size unknown bytes, rk_config_moteur.o(.text))
<BR><BR>[Called By]<UL><LI><a href="#[4]">&gt;&gt;</a>&nbsp;&nbsp;&nbsp;__main
</UL>

<P><STRONG><a name="[e]"></a>MOTEUR_DROIT_INVERSE</STRONG> (Thumb, 0 bytes, Stack size unknown bytes, rk_config_moteur.o(.text), UNUSED, KEPT)

<P><STRONG><a name="[f]"></a>MOTEUR_GAUCHE_INVERSE</STRONG> (Thumb, 0 bytes, Stack size unknown bytes, rk_config_moteur.o(.text), UNUSED, KEPT)

<P><STRONG><a name="[10]"></a>SetRapidMode</STRONG> (Thumb, 0 bytes, Stack size unknown bytes, rk_config_moteur.o(.text))
<BR><BR>[Called By]<UL><LI><a href="#[4]">&gt;&gt;</a>&nbsp;&nbsp;&nbsp;__main
</UL>

<P><STRONG><a name="[11]"></a>SetNormalMode</STRONG> (Thumb, 0 bytes, Stack size unknown bytes, rk_config_moteur.o(.text))
<BR><BR>[Called By]<UL><LI><a href="#[4]">&gt;&gt;</a>&nbsp;&nbsp;&nbsp;__main
</UL>

<P><STRONG><a name="[21]"></a>__use_two_region_memory</STRONG> (Thumb, 2 bytes, Stack size 0 bytes, heapauxi.o(.text), UNUSED)

<P><STRONG><a name="[22]"></a>__rt_heap_escrow$2region</STRONG> (Thumb, 2 bytes, Stack size 0 bytes, heapauxi.o(.text), UNUSED)

<P><STRONG><a name="[23]"></a>__rt_heap_expand$2region</STRONG> (Thumb, 2 bytes, Stack size 0 bytes, heapauxi.o(.text), UNUSED)
<P>
<H3>
Local Symbols
</H3>
<P><STRONG><a name="[1]"></a>NmiSR</STRONG> (Thumb, 0 bytes, Stack size unknown bytes, startup.o(RESET))
<BR><BR>[Calls]<UL><LI><a href="#[1]">&gt;&gt;</a>&nbsp;&nbsp;&nbsp;NmiSR
</UL>
<BR>[Called By]<UL><LI><a href="#[1]">&gt;&gt;</a>&nbsp;&nbsp;&nbsp;NmiSR
</UL>
<BR>[Address Reference Count : 1]<UL><LI> startup.o(RESET)
</UL>
<P><STRONG><a name="[2]"></a>FaultISR</STRONG> (Thumb, 0 bytes, Stack size unknown bytes, startup.o(RESET))
<BR><BR>[Calls]<UL><LI><a href="#[2]">&gt;&gt;</a>&nbsp;&nbsp;&nbsp;FaultISR
</UL>
<BR>[Called By]<UL><LI><a href="#[2]">&gt;&gt;</a>&nbsp;&nbsp;&nbsp;FaultISR
</UL>
<BR>[Address Reference Count : 1]<UL><LI> startup.o(RESET)
</UL>
<P><STRONG><a name="[3]"></a>IntDefaultHandler</STRONG> (Thumb, 0 bytes, Stack size unknown bytes, startup.o(RESET))
<BR><BR>[Calls]<UL><LI><a href="#[3]">&gt;&gt;</a>&nbsp;&nbsp;&nbsp;IntDefaultHandler
</UL>
<BR>[Called By]<UL><LI><a href="#[3]">&gt;&gt;</a>&nbsp;&nbsp;&nbsp;IntDefaultHandler
</UL>
<BR>[Address Reference Count : 1]<UL><LI> startup.o(RESET)
</UL><P>
<H3>
Undefined Global Symbols
</H3><HR></body></html>
