Component: Arm Compiler for Embedded 6.24 Tool: armlink [5f371500]

==============================================================================

Section Cross References

    main.o(.text) refers (Special) to leds.o(.text) for LedOn1
    main.o(.text) refers (Special) to rk_config_moteur.o(.text) for MOTEUR_DROIT_ARRIERE
    main.o(.text) refers (Special) to bumpers.o(.text) for readBumper0
    main.o(.text) refers (Special) to switchs.o(.text) for readSwitch1
    startup.o(STACK) refers (Special) to heapauxi.o(.text) for __use_two_region_memory
    startup.o(HEAP) refers (Special) to heapauxi.o(.text) for __use_two_region_memory
    startup.o(RESET) refers (Special) to heapauxi.o(.text) for __use_two_region_memory
    startup.o(RESET) refers to startup.o(STACK) for StackMem
    startup.o(RESET) refers to main.o(.text) for __main
    startup.o(.text) refers (Special) to heapauxi.o(.text) for __use_two_region_memory
    startup.o(.text) refers to startup.o(HEAP) for HeapMem
    startup.o(.text) refers to startup.o(STACK) for StackMem


==============================================================================

Removing Unused input sections from the image.

    Removing startup.o(HEAP), (0 bytes).
    Removing startup.o(.text), (24 bytes).

2 unused section(s) (total 24 bytes) removed from the image.

==============================================================================

Image Symbol Table

    Local Symbols

    Symbol Name                              Value     Ov Type        Size  Object(Section)

    ../clib/heapaux.c                        0x00000000   Number         0  heapauxi.o ABSOLUTE
    Bumpers.s                                0x00000000   Number         0  bumpers.o ABSOLUTE
    Leds.s                                   0x00000000   Number         0  leds.o ABSOLUTE
    Main.s                                   0x00000000   Number         0  main.o ABSOLUTE
    RK_Config_Moteur.s                       0x00000000   Number         0  rk_config_moteur.o ABSOLUTE
    RTE/Device/LM3S1968/Startup.s            0x00000000   Number         0  startup.o ABSOLUTE
    Switchs.s                                0x00000000   Number         0  switchs.o ABSOLUTE
    dc.s                                     0x00000000   Number         0  dc.o ABSOLUTE
    RESET                                    0x00000000   Section      632  startup.o(RESET)
    NmiSR                                    0x00000271   Thumb Code     0  startup.o(RESET)
    FaultISR                                 0x00000273   Thumb Code     0  startup.o(RESET)
    IntDefaultHandler                        0x00000275   Thumb Code     0  startup.o(RESET)
    .text                                    0x00000278   Section       16  main.o(.text)
    .text                                    0x00000288   Section      128  leds.o(.text)
    .text                                    0x00000308   Section       76  switchs.o(.text)
    .text                                    0x00000354   Section       92  bumpers.o(.text)
    .text                                    0x000003b0   Section      520  rk_config_moteur.o(.text)
    .text                                    0x000005b8   Section        0  heapauxi.o(.text)
    StackMem                                 0x20000000   Data           0  startup.o(STACK)
    STACK                                    0x20000000   Section      256  startup.o(STACK)

    Global Symbols

    Symbol Name                              Value     Ov Type        Size  Object(Section)

    BuildAttributes$$THM_ISAv4$P$D$K$B$S$A:L22UL41UL21$X:L11$S22US41US21$IEEE1$IW$~IW$USESV6$~STKCKD$USESV7$~SHL$OSPACE$ROPI$EBA8$STANDARDLIB$REQ8$PRES8$EABIv2 0x00000000   Number         0  anon$$obj.o ABSOLUTE
    __Vectors                                0x00000000   Data           0  startup.o(RESET)
    Reset_Handler                            0x0000026d   Thumb Code     0  startup.o(RESET)
    __main                                   0x00000279   Thumb Code     0  main.o(.text)
    LedsInit                                 0x00000289   Thumb Code     0  leds.o(.text)
    LedOn1                                   0x000002ad   Thumb Code     0  leds.o(.text)
    ToggleLed1                               0x000002b7   Thumb Code     0  leds.o(.text)
    LedOn2                                   0x000002c1   Thumb Code     0  leds.o(.text)
    ToggleLed2                               0x000002cb   Thumb Code     0  leds.o(.text)
    LedsOn                                   0x000002d5   Thumb Code     0  leds.o(.text)
    ToggleLeds                               0x000002df   Thumb Code     0  leds.o(.text)
    LedsOff                                  0x000002e9   Thumb Code     0  leds.o(.text)
    switchersInit                            0x00000309   Thumb Code     0  switchs.o(.text)
    readSwitch1                              0x00000331   Thumb Code     0  switchs.o(.text)
    readSwitch2                              0x00000335   Thumb Code     0  switchs.o(.text)
    bumpersInit                              0x00000355   Thumb Code     0  bumpers.o(.text)
    readBumper0                              0x00000381   Thumb Code     0  bumpers.o(.text)
    readBumper1                              0x00000387   Thumb Code     0  bumpers.o(.text)
    readBumpers0_1                           0x0000038d   Thumb Code     0  bumpers.o(.text)
    MOTEUR_INIT                              0x000003b1   Thumb Code     0  rk_config_moteur.o(.text)
    MOTEUR_DROIT_ON                          0x000004b5   Thumb Code     0  rk_config_moteur.o(.text)
    MOTEUR_DROIT_OFF                         0x000004c1   Thumb Code     0  rk_config_moteur.o(.text)
    MOTEUR_GAUCHE_ON                         0x000004cd   Thumb Code     0  rk_config_moteur.o(.text)
    MOTEUR_GAUCHE_OFF                        0x000004d9   Thumb Code     0  rk_config_moteur.o(.text)
    MOTEUR_DROIT_ARRIERE                     0x000004e5   Thumb Code     0  rk_config_moteur.o(.text)
    MOTEUR_DROIT_AVANT                       0x000004ef   Thumb Code     0  rk_config_moteur.o(.text)
    MOTEUR_GAUCHE_ARRIERE                    0x000004f9   Thumb Code     0  rk_config_moteur.o(.text)
    MOTEUR_GAUCHE_AVANT                      0x00000503   Thumb Code     0  rk_config_moteur.o(.text)
    MOTEUR_DROIT_INVERSE                     0x0000050d   Thumb Code     0  rk_config_moteur.o(.text)
    MOTEUR_GAUCHE_INVERSE                    0x00000519   Thumb Code     0  rk_config_moteur.o(.text)
    __use_two_region_memory                  0x000005b9   Thumb Code     2  heapauxi.o(.text)
    __rt_heap_escrow$2region                 0x000005bb   Thumb Code     2  heapauxi.o(.text)
    __rt_heap_expand$2region                 0x000005bd   Thumb Code     2  heapauxi.o(.text)



==============================================================================

Memory Map of the image

  Image Entry point : 0x0000026d

  Load Region LR_1 (Base: 0x00000000, Size: 0x000005c0, Max: 0xffffffff, ABSOLUTE)

    Execution Region ER_RO (Exec base: 0x00000000, Load base: 0x00000000, Size: 0x000005c0, Max: 0xffffffff, ABSOLUTE)

    Exec Addr    Load Addr    Size         Type   Attr      Idx    E Section Name        Object

    0x00000000   0x00000000   0x00000278   Code   RO           20  * RESET               startup.o
    0x00000278   0x00000278   0x00000010   Code   RO            1  * .text               main.o
    0x00000288   0x00000288   0x00000080   Code   RO            6    .text               leds.o
    0x00000308   0x00000308   0x0000004c   Code   RO            9    .text               switchs.o
    0x00000354   0x00000354   0x0000005c   Code   RO           12    .text               bumpers.o
    0x000003b0   0x000003b0   0x00000208   Code   RO           15  * .text               rk_config_moteur.o
    0x000005b8   0x000005b8   0x00000006   Code   RO           28    .text               c_w.l(heapauxi.o)


    Execution Region ER_RW (Exec base: 0x20000000, Load base: 0x000005c0, Size: 0x00000000, Max: 0xffffffff, ABSOLUTE)

    **** No section assigned to this execution region ****


    Execution Region ER_ZI (Exec base: 0x20000000, Load base: 0x000005c0, Size: 0x00000100, Max: 0xffffffff, ABSOLUTE)

    Exec Addr    Load Addr    Size         Type   Attr      Idx    E Section Name        Object

    0x20000000        -       0x00000100   Zero   RW           18    STACK               startup.o


==============================================================================

Image component sizes


      Code (inc. data)   RO Data    RW Data    ZI Data      Debug   Object Name

        92         30          0          0          0        224   bumpers.o
       128         20          0          0          0        240   leds.o
        16          0          0          0          0        232   main.o
       520        112          0          0          0        388   rk_config_moteur.o
       632        622          0          0        256        252   startup.o
        76         22          0          0          0        224   switchs.o

    ----------------------------------------------------------------------
      1464        806          0          0        256       1560   Object Totals
         0          0          0          0          0          0   (incl. Generated)
         0          0          0          0          0          0   (incl. Padding)

    ----------------------------------------------------------------------

      Code (inc. data)   RO Data    RW Data    ZI Data      Debug   Library Member Name

         6          0          0          0          0        152   heapauxi.o

    ----------------------------------------------------------------------
         8          0          0          0          0        152   Library Totals
         2          0          0          0          0          0   (incl. Padding)

    ----------------------------------------------------------------------

      Code (inc. data)   RO Data    RW Data    ZI Data      Debug   Library Name

         6          0          0          0          0        152   c_w.l

    ----------------------------------------------------------------------
         8          0          0          0          0        152   Library Totals

    ----------------------------------------------------------------------

==============================================================================


      Code (inc. data)   RO Data    RW Data    ZI Data      Debug   

      1472        806          0          0        256       1712   Grand Totals
      1472        806          0          0        256       1712   ELF Image Totals
      1472        806          0          0          0          0   ROM Totals

==============================================================================

    Total RO  Size (Code + RO Data)                 1472 (   1.44kB)
    Total RW  Size (RW Data + ZI Data)               256 (   0.25kB)
    Total ROM Size (Code + RO Data + RW Data)       1472 (   1.44kB)

==============================================================================

