Component: Arm Compiler for Embedded 6.24 Tool: armlink [5f371500]

==============================================================================

Section Cross References

    main.o(.text) refers (Special) to leds.o(.text) for LedOn1
    main.o(.text) refers (Special) to rk_config_moteur.o(.text) for MOTEUR_DROIT_INVERSE
    main.o(.text) refers (Special) to bumpers.o(.text) for readBumper0
    main.o(.text) refers to switchs.o(.text) for SwitchersInit
    startup.o(STACK) refers (Special) to heapauxi.o(.text) for __use_two_region_memory
    startup.o(HEAP) refers (Special) to heapauxi.o(.text) for __use_two_region_memory
    startup.o(RESET) refers (Special) to heapauxi.o(.text) for __use_two_region_memory
    startup.o(RESET) refers to startup.o(STACK) for StackMem
    startup.o(RESET) refers to main.o(.text) for __main
    startup.o(.text) refers (Special) to heapauxi.o(.text) for __use_two_region_memory
    startup.o(.text) refers to startup.o(HEAP) for HeapMem
    startup.o(.text) refers to startup.o(STACK) for StackMem


==============================================================================

Removing Unused input sections from the image.

    Removing startup.o(HEAP), (0 bytes).
    Removing startup.o(.text), (24 bytes).

2 unused section(s) (total 24 bytes) removed from the image.

==============================================================================

Image Symbol Table

    Local Symbols

    Symbol Name                              Value     Ov Type        Size  Object(Section)

    ../clib/heapaux.c                        0x00000000   Number         0  heapauxi.o ABSOLUTE
    Bumpers.s                                0x00000000   Number         0  bumpers.o ABSOLUTE
    Leds.s                                   0x00000000   Number         0  leds.o ABSOLUTE
    Main.s                                   0x00000000   Number         0  main.o ABSOLUTE
    RK_Config_Moteur.s                       0x00000000   Number         0  rk_config_moteur.o ABSOLUTE
    RTE/Device/LM3S1968/Startup.s            0x00000000   Number         0  startup.o ABSOLUTE
    Switchs.s                                0x00000000   Number         0  switchs.o ABSOLUTE
    dc.s                                     0x00000000   Number         0  dc.o ABSOLUTE
    RESET                                    0x00000000   Section      632  startup.o(RESET)
    NmiSR                                    0x00000271   Thumb Code     0  startup.o(RESET)
    FaultISR                                 0x00000273   Thumb Code     0  startup.o(RESET)
    IntDefaultHandler                        0x00000275   Thumb Code     0  startup.o(RESET)
    .text                                    0x00000278   Section      276  main.o(.text)
    .text                                    0x0000038c   Section      128  leds.o(.text)
    .text                                    0x0000040c   Section       76  switchs.o(.text)
    .text                                    0x00000458   Section       92  bumpers.o(.text)
    .text                                    0x000004b4   Section      520  rk_config_moteur.o(.text)
    .text                                    0x000006bc   Section        0  heapauxi.o(.text)
    StackMem                                 0x20000000   Data           0  startup.o(STACK)
    STACK                                    0x20000000   Section      256  startup.o(STACK)

    Global Symbols

    Symbol Name                              Value     Ov Type        Size  Object(Section)

    BuildAttributes$$THM_ISAv4$P$D$K$B$S$A:L22UL41UL21$X:L11$S22US41US21$IEEE1$IW$~IW$USESV6$~STKCKD$USESV7$~SHL$OSPACE$ROPI$EBA8$STANDARDLIB$REQ8$PRES8$EABIv2 0x00000000   Number         0  anon$$obj.o ABSOLUTE
    __Vectors                                0x00000000   Data           0  startup.o(RESET)
    Reset_Handler                            0x0000026d   Thumb Code     0  startup.o(RESET)
    __main                                   0x00000279   Thumb Code     0  main.o(.text)
    LedsInit                                 0x0000038d   Thumb Code     0  leds.o(.text)
    LedOn1                                   0x000003b1   Thumb Code     0  leds.o(.text)
    ToggleLed1                               0x000003bb   Thumb Code     0  leds.o(.text)
    LedOn2                                   0x000003c5   Thumb Code     0  leds.o(.text)
    ToggleLed2                               0x000003cf   Thumb Code     0  leds.o(.text)
    LedsOn                                   0x000003d9   Thumb Code     0  leds.o(.text)
    ToggleLeds                               0x000003e3   Thumb Code     0  leds.o(.text)
    LedsOff                                  0x000003ed   Thumb Code     0  leds.o(.text)
    SwitchersInit                            0x0000040d   Thumb Code     0  switchs.o(.text)
    ReadSwitch1                              0x00000435   Thumb Code     0  switchs.o(.text)
    ReadSwitch2                              0x00000439   Thumb Code     0  switchs.o(.text)
    bumpersInit                              0x00000459   Thumb Code     0  bumpers.o(.text)
    readBumper0                              0x00000485   Thumb Code     0  bumpers.o(.text)
    readBumper1                              0x0000048b   Thumb Code     0  bumpers.o(.text)
    readBumpers0_1                           0x00000491   Thumb Code     0  bumpers.o(.text)
    MOTEUR_INIT                              0x000004b5   Thumb Code     0  rk_config_moteur.o(.text)
    MOTEUR_DROIT_ON                          0x000005b9   Thumb Code     0  rk_config_moteur.o(.text)
    MOTEUR_DROIT_OFF                         0x000005c5   Thumb Code     0  rk_config_moteur.o(.text)
    MOTEUR_GAUCHE_ON                         0x000005d1   Thumb Code     0  rk_config_moteur.o(.text)
    MOTEUR_GAUCHE_OFF                        0x000005dd   Thumb Code     0  rk_config_moteur.o(.text)
    MOTEUR_DROIT_ARRIERE                     0x000005e9   Thumb Code     0  rk_config_moteur.o(.text)
    MOTEUR_DROIT_AVANT                       0x000005f3   Thumb Code     0  rk_config_moteur.o(.text)
    MOTEUR_GAUCHE_ARRIERE                    0x000005fd   Thumb Code     0  rk_config_moteur.o(.text)
    MOTEUR_GAUCHE_AVANT                      0x00000607   Thumb Code     0  rk_config_moteur.o(.text)
    MOTEUR_DROIT_INVERSE                     0x00000611   Thumb Code     0  rk_config_moteur.o(.text)
    MOTEUR_GAUCHE_INVERSE                    0x0000061d   Thumb Code     0  rk_config_moteur.o(.text)
    SetRapidMode                             0x00000629   Thumb Code     0  rk_config_moteur.o(.text)
    SetNormalMode                            0x0000063b   Thumb Code     0  rk_config_moteur.o(.text)
    __use_two_region_memory                  0x000006bd   Thumb Code     2  heapauxi.o(.text)
    __rt_heap_escrow$2region                 0x000006bf   Thumb Code     2  heapauxi.o(.text)
    __rt_heap_expand$2region                 0x000006c1   Thumb Code     2  heapauxi.o(.text)



==============================================================================

Memory Map of the image

  Image Entry point : 0x0000026d

  Load Region LR_1 (Base: 0x00000000, Size: 0x000006c4, Max: 0xffffffff, ABSOLUTE)

    Execution Region ER_RO (Exec base: 0x00000000, Load base: 0x00000000, Size: 0x000006c4, Max: 0xffffffff, ABSOLUTE)

    Exec Addr    Load Addr    Size         Type   Attr      Idx    E Section Name        Object

    0x00000000   0x00000000   0x00000278   Code   RO           20  * RESET               startup.o
    0x00000278   0x00000278   0x00000114   Code   RO            1  * .text               main.o
    0x0000038c   0x0000038c   0x00000080   Code   RO            6    .text               leds.o
    0x0000040c   0x0000040c   0x0000004c   Code   RO            9    .text               switchs.o
    0x00000458   0x00000458   0x0000005c   Code   RO           12    .text               bumpers.o
    0x000004b4   0x000004b4   0x00000208   Code   RO           15  * .text               rk_config_moteur.o
    0x000006bc   0x000006bc   0x00000006   Code   RO           28    .text               c_w.l(heapauxi.o)


    Execution Region ER_RW (Exec base: 0x20000000, Load base: 0x000006c4, Size: 0x00000000, Max: 0xffffffff, ABSOLUTE)

    **** No section assigned to this execution region ****


    Execution Region ER_ZI (Exec base: 0x20000000, Load base: 0x000006c4, Size: 0x00000100, Max: 0xffffffff, ABSOLUTE)

    Exec Addr    Load Addr    Size         Type   Attr      Idx    E Section Name        Object

    0x20000000        -       0x00000100   Zero   RW           18    STACK               startup.o


==============================================================================

Image component sizes


      Code (inc. data)   RO Data    RW Data    ZI Data      Debug   Object Name

        92         30          0          0          0        224   bumpers.o
       128         20          0          0          0        240   leds.o
       276         18          0          0          0        312   main.o
       520        112          0          0          0        388   rk_config_moteur.o
       632        622          0          0        256        252   startup.o
        76         22          0          0          0        224   switchs.o

    ----------------------------------------------------------------------
      1724        824          0          0        256       1640   Object Totals
         0          0          0          0          0          0   (incl. Generated)
         0          0          0          0          0          0   (incl. Padding)

    ----------------------------------------------------------------------

      Code (inc. data)   RO Data    RW Data    ZI Data      Debug   Library Member Name

         6          0          0          0          0        152   heapauxi.o

    ----------------------------------------------------------------------
         8          0          0          0          0        152   Library Totals
         2          0          0          0          0          0   (incl. Padding)

    ----------------------------------------------------------------------

      Code (inc. data)   RO Data    RW Data    ZI Data      Debug   Library Name

         6          0          0          0          0        152   c_w.l

    ----------------------------------------------------------------------
         8          0          0          0          0        152   Library Totals

    ----------------------------------------------------------------------

==============================================================================


      Code (inc. data)   RO Data    RW Data    ZI Data      Debug   

      1732        824          0          0        256       1792   Grand Totals
      1732        824          0          0        256       1792   ELF Image Totals
      1732        824          0          0          0          0   ROM Totals

==============================================================================

    Total RO  Size (Code + RO Data)                 1732 (   1.69kB)
    Total RW  Size (RW Data + ZI Data)               256 (   0.25kB)
    Total ROM Size (Code + RO Data + RW Data)       1732 (   1.69kB)

==============================================================================

